2026/07/28 10:47:49 [system] starting all actors...
2026/07/28 10:47:49 [system] all actors started
2026/07/28 10:47:49 [worker-session] started (pattern=session)
runtime: gcdeadsession: session 1002#0 started at D:/code/go/go/会话内存/demo/main.go:390
runtime: gcdeadsession: session 1002#0 ended at D:/code/go/go/会话内存/demo/main.go:401
=== GC #1 ===
gcdeadsession by session:
  session #1002: 3 allocs (1304 bytes), 0 freed (0 bytes), 3 alive (1304 bytes) [first: D:/code/go/go/会话内存/demo/main.go:390 (gid=20), end: D:/code/go/go/会话内存/demo/main.go:401]
    gid=20: 3 allocs (1304 bytes), 0 freed (0 bytes)
gcdeadsession:alive: 3 session objs (1304 bytes) still alive from 2 sites
  main.(*WorkerActor).patternSession (D:/code/go/go/会话内存/demo/main.go:390) < main.(*WorkerActor).doAllocBurst (D:/code/go/go/会话内存/demo/main.go:296) < main.(*WorkerActor).run (D:/code/go/go/会话内存/demo/main.go:245): 1 session objs, 256 session bytes [session #1002: 1 objs, 256 bytes @uint8 (gid=20)]
  main.(*WorkerActor).patternSession (D:/code/go/go/会话内存/demo/main.go:395) < main.(*WorkerActor).doAllocBurst (D:/code/go/go/会话内存/demo/main.go:296) < main.(*WorkerActor).run (D:/code/go/go/会话内存/demo/main.go:245): 2 session objs, 1048 session bytes [session #1002: 2 objs, 1048 bytes @uint8 (gid=20)]
gcdeadsession:alloc: 3 session objs (1304 bytes) from 2 sites
  main.(*WorkerActor).patternSession (D:/code/go/go/会话内存/demo/main.go:390) < main.(*WorkerActor).doAllocBurst (D:/code/go/go/会话内存/demo/main.go:296) < main.(*WorkerActor).run (D:/code/go/go/会话内存/demo/main.go:245): 1 session objs, 256 session bytes [session #1002: 1 objs, 256 bytes @uint8 (gid=20)]
  main.(*WorkerActor).patternSession (D:/code/go/go/会话内存/demo/main.go:395) < main.(*WorkerActor).doAllocBurst (D:/code/go/go/会话内存/demo/main.go:296) < main.(*WorkerActor).run (D:/code/go/go/会话内存/demo/main.go:245): 2 session objs, 1048 session bytes [session #1002: 2 objs, 1048 bytes @uint8 (gid=20)]
=== GC #2 ===
gcdeadsession by session:
  session #1002: 0 allocs (0 bytes), 1 freed (256 bytes), 2 alive (1048 bytes) [first: D:/code/go/go/会话内存/demo/main.go:390 (gid=20), end: D:/code/go/go/会话内存/demo/main.go:401]
    gid=20: 0 allocs (0 bytes), 1 freed (256 bytes)
gcdeadsession:alive: 2 session objs (1048 bytes) still alive from 1 sites
  main.(*WorkerActor).patternSession (D:/code/go/go/会话内存/demo/main.go:395) < main.(*WorkerActor).doAllocBurst (D:/code/go/go/会话内存/demo/main.go:296) < main.(*WorkerActor).run (D:/code/go/go/会话内存/demo/main.go:245): 2 session objs, 1048 session bytes [session #1002: 2 objs, 1048 bytes @uint8 (gid=20)]
gcdeadsession:alloc: 3 session objs (1304 bytes) from 2 sites
  main.(*WorkerActor).patternSession (D:/code/go/go/会话内存/demo/main.go:390) < main.(*WorkerActor).doAllocBurst (D:/code/go/go/会话内存/demo/main.go:296) < main.(*WorkerActor).run (D:/code/go/go/会话内存/demo/main.go:245): 1 session objs, 256 session bytes [session #1002: 1 objs, 256 bytes @uint8 (gid=20)]
  main.(*WorkerActor).patternSession (D:/code/go/go/会话内存/demo/main.go:395) < main.(*WorkerActor).doAllocBurst (D:/code/go/go/会话内存/demo/main.go:296) < main.(*WorkerActor).run (D:/code/go/go/会话内存/demo/main.go:245): 2 session objs, 1048 session bytes [session #1002: 2 objs, 1048 bytes @uint8 (gid=20)]
gcdeadsession:freed: 1 session objs (256 bytes) freed from 1 sites
  main.(*WorkerActor).patternSession (D:/code/go/go/会话内存/demo/main.go:390) < main.(*WorkerActor).doAllocBurst (D:/code/go/go/会话内存/demo/main.go:296) < main.(*WorkerActor).run (D:/code/go/go/会话内存/demo/main.go:245): 1 session objs, 256 session bytes [session #1002: 1 objs, 256 bytes @uint8 (gid=20)]
runtime: gcdeadsession: session 1003#0 started at D:/code/go/go/会话内存/demo/main.go:390
runtime: gcdeadsession: session 1003#0 ended at D:/code/go/go/会话内存/demo/main.go:401
=== GC #3 ===
gcdeadsession by session:
  session #1002: 0 allocs (0 bytes), 1 freed (24 bytes), 1 alive (1024 bytes) [first: D:/code/go/go/会话内存/demo/main.go:390 (gid=20), end: D:/code/go/go/会话内存/demo/main.go:401]
    gid=20: 0 allocs (0 bytes), 1 freed (24 bytes)
  session #1003: 3 allocs (1328 bytes), 0 freed (0 bytes), 3 alive (1328 bytes) [first: D:/code/go/go/会话内存/demo/main.go:390 (gid=20), end: D:/code/go/go/会话内存/demo/main.go:401]
    gid=20: 3 allocs (1328 bytes), 0 freed (0 bytes)
gcdeadsession:alive: 4 session objs (2352 bytes) still alive from 2 sites
  main.(*WorkerActor).patternSession (D:/code/go/go/会话内存/demo/main.go:395) < main.(*WorkerActor).doAllocBurst (D:/code/go/go/会话内存/demo/main.go:296) < main.(*WorkerActor).run (D:/code/go/go/会话内存/demo/main.go:245): 3 session objs, 2096 session bytes [session #1003: 2 objs, 1072 bytes @[]uint8 (gid=20)] [session #1002: 1 objs, 1024 bytes @uint8 (gid=20)]
  main.(*WorkerActor).patternSession (D:/code/go/go/会话内存/demo/main.go:390) < main.(*WorkerActor).doAllocBurst (D:/code/go/go/会话内存/demo/main.go:296) < main.(*WorkerActor).run (D:/code/go/go/会话内存/demo/main.go:245): 1 session objs, 256 session bytes [session #1003: 1 objs, 256 bytes @uint8 (gid=20)]
gcdeadsession:alloc: 6 session objs (2632 bytes) from 2 sites
  main.(*WorkerActor).patternSession (D:/code/go/go/会话内存/demo/main.go:395) < main.(*WorkerActor).doAllocBurst (D:/code/go/go/会话内存/demo/main.go:296) < main.(*WorkerActor).run (D:/code/go/go/会话内存/demo/main.go:245): 4 session objs, 2120 session bytes [session #1002: 2 objs, 1048 bytes @[]uint8 (gid=20)] [session #1003: 2 objs, 1072 bytes @[]uint8 (gid=20)]
  main.(*WorkerActor).patternSession (D:/code/go/go/会话内存/demo/main.go:390) < main.(*WorkerActor).doAllocBurst (D:/code/go/go/会话内存/demo/main.go:296) < main.(*WorkerActor).run (D:/code/go/go/会话内存/demo/main.go:245): 2 session objs, 512 session bytes [session #1002: 1 objs, 256 bytes @uint8 (gid=20)] [session #1003: 1 objs, 256 bytes @uint8 (gid=20)]
gcdeadsession:freed: 1 session objs (24 bytes) freed from 1 sites
  main.(*WorkerActor).patternSession (D:/code/go/go/会话内存/demo/main.go:395) < main.(*WorkerActor).doAllocBurst (D:/code/go/go/会话内存/demo/main.go:296) < main.(*WorkerActor).run (D:/code/go/go/会话内存/demo/main.go:245): 1 session objs, 24 session bytes [session #1002: 1 objs, 24 bytes @[]uint8 (gid=20)]
=== GC #4 ===
gcdeadsession by session:
  session #1003: 0 allocs (0 bytes), 1 freed (256 bytes), 2 alive (1072 bytes) [first: D:/code/go/go/会话内存/demo/main.go:390 (gid=20), end: D:/code/go/go/会话内存/demo/main.go:401]
    gid=20: 0 allocs (0 bytes), 1 freed (256 bytes)
gcdeadsession:alive: 3 session objs (2096 bytes) still alive from 1 sites
  main.(*WorkerActor).patternSession (D:/code/go/go/会话内存/demo/main.go:395) < main.(*WorkerActor).doAllocBurst (D:/code/go/go/会话内存/demo/main.go:296) < main.(*WorkerActor).run (D:/code/go/go/会话内存/demo/main.go:245): 3 session objs, 2096 session bytes [session #1002: 1 objs, 1024 bytes @uint8 (gid=20)] [session #1003: 2 objs, 1072 bytes @uint8 (gid=20)]
gcdeadsession:alloc: 6 session objs (2632 bytes) from 2 sites
  main.(*WorkerActor).patternSession (D:/code/go/go/会话内存/demo/main.go:390) < main.(*WorkerActor).doAllocBurst (D:/code/go/go/会话内存/demo/main.go:296) < main.(*WorkerActor).run (D:/code/go/go/会话内存/demo/main.go:245): 2 session objs, 512 session bytes [session #1002: 1 objs, 256 bytes @uint8 (gid=20)] [session #1003: 1 objs, 256 bytes @uint8 (gid=20)]
  main.(*WorkerActor).patternSession (D:/code/go/go/会话内存/demo/main.go:395) < main.(*WorkerActor).doAllocBurst (D:/code/go/go/会话内存/demo/main.go:296) < main.(*WorkerActor).run (D:/code/go/go/会话内存/demo/main.go:245): 4 session objs, 2120 session bytes [session #1002: 2 objs, 1048 bytes @uint8 (gid=20)] [session #1003: 2 objs, 1072 bytes @uint8 (gid=20)]
gcdeadsession:freed: 1 session objs (256 bytes) freed from 1 sites
  main.(*WorkerActor).patternSession (D:/code/go/go/会话内存/demo/main.go:390) < main.(*WorkerActor).doAllocBurst (D:/code/go/go/会话内存/demo/main.go:296) < main.(*WorkerActor).run (D:/code/go/go/会话内存/demo/main.go:245): 1 session objs, 256 session bytes [session #1003: 1 objs, 256 bytes @uint8 (gid=20)]
runtime: gcdeadsession: session 1004#0 started at D:/code/go/go/会话内存/demo/main.go:390
runtime: gcdeadsession: session 1004#0 ended at D:/code/go/go/会话内存/demo/main.go:401
=== GC #5 ===
gcdeadsession by session:
  session #1003: 0 allocs (0 bytes), 1 freed (48 bytes), 1 alive (1024 bytes) [first: D:/code/go/go/会话内存/demo/main.go:390 (gid=20), end: D:/code/go/go/会话内存/demo/main.go:401]
    gid=20: 0 allocs (0 bytes), 1 freed (48 bytes)
  session #1004: 3 allocs (1376 bytes), 0 freed (0 bytes), 3 alive (1376 bytes) [first: D:/code/go/go/会话内存/demo/main.go:390 (gid=20), end: D:/code/go/go/会话内存/demo/main.go:401]
    gid=20: 3 allocs (1376 bytes), 0 freed (0 bytes)
gcdeadsession:alive: 5 session objs (3424 bytes) still alive from 2 sites
  main.(*WorkerActor).patternSession (D:/code/go/go/会话内存/demo/main.go:395) < main.(*WorkerActor).doAllocBurst (D:/code/go/go/会话内存/demo/main.go:296) < main.(*WorkerActor).run (D:/code/go/go/会话内存/demo/main.go:245): 4 session objs, 3168 session bytes [session #1004: 2 objs, 1120 bytes @[]uint8 (gid=20)] [session #1002: 1 objs, 1024 bytes @uint8 (gid=20)] [session #1003: 1 objs, 1024 bytes @uint8 (gid=20)]
  main.(*WorkerActor).patternSession (D:/code/go/go/会话内存/demo/main.go:390) < main.(*WorkerActor).doAllocBurst (D:/code/go/go/会话内存/demo/main.go:296) < main.(*WorkerActor).run (D:/code/go/go/会话内存/demo/main.go:245): 1 session objs, 256 session bytes [session #1004: 1 objs, 256 bytes @uint8 (gid=20)]
gcdeadsession:alloc: 9 session objs (4008 bytes) from 2 sites
  main.(*WorkerActor).patternSession (D:/code/go/go/会话内存/demo/main.go:395) < main.(*WorkerActor).doAllocBurst (D:/code/go/go/会话内存/demo/main.go:296) < main.(*WorkerActor).run (D:/code/go/go/会话内存/demo/main.go:245): 6 session objs, 3240 session bytes [session #1002: 2 objs, 1048 bytes @[]uint8 (gid=20)] [session #1003: 2 objs, 1072 bytes @[]uint8 (gid=20)] [session #1004: 2 objs, 1120 bytes @[]uint8 (gid=20)]
  main.(*WorkerActor).patternSession (D:/code/go/go/会话内存/demo/main.go:390) < main.(*WorkerActor).doAllocBurst (D:/code/go/go/会话内存/demo/main.go:296) < main.(*WorkerActor).run (D:/code/go/go/会话内存/demo/main.go:245): 3 session objs, 768 session bytes [session #1002: 1 objs, 256 bytes @uint8 (gid=20)] [session #1003: 1 objs, 256 bytes @uint8 (gid=20)] [session #1004: 1 objs, 256 bytes @uint8 (gid=20)]
gcdeadsession:freed: 1 session objs (48 bytes) freed from 1 sites
  main.(*WorkerActor).patternSession (D:/code/go/go/会话内存/demo/main.go:395) < main.(*WorkerActor).doAllocBurst (D:/code/go/go/会话内存/demo/main.go:296) < main.(*WorkerActor).run (D:/code/go/go/会话内存/demo/main.go:245): 1 session objs, 48 session bytes [session #1003: 1 objs, 48 bytes @[]uint8 (gid=20)]
=== GC #6 ===
gcdeadsession by session:
  session #1004: 0 allocs (0 bytes), 1 freed (256 bytes), 2 alive (1120 bytes) [first: D:/code/go/go/会话内存/demo/main.go:390 (gid=20), end: D:/code/go/go/会话内存/demo/main.go:401]
    gid=20: 0 allocs (0 bytes), 1 freed (256 bytes)
gcdeadsession:alive: 4 session objs (3168 bytes) still alive from 1 sites
  main.(*WorkerActor).patternSession (D:/code/go/go/会话内存/demo/main.go:395) < main.(*WorkerActor).doAllocBurst (D:/code/go/go/会话内存/demo/main.go:296) < main.(*WorkerActor).run (D:/code/go/go/会话内存/demo/main.go:245): 4 session objs, 3168 session bytes [session #1002: 1 objs, 1024 bytes @uint8 (gid=20)] [session #1003: 1 objs, 1024 bytes @uint8 (gid=20)] [session #1004: 2 objs, 1120 bytes @uint8 (gid=20)]
gcdeadsession:alloc: 9 session objs (4008 bytes) from 2 sites
  main.(*WorkerActor).patternSession (D:/code/go/go/会话内存/demo/main.go:390) < main.(*WorkerActor).doAllocBurst (D:/code/go/go/会话内存/demo/main.go:296) < main.(*WorkerActor).run (D:/code/go/go/会话内存/demo/main.go:245): 3 session objs, 768 session bytes [session #1002: 1 objs, 256 bytes @uint8 (gid=20)] [session #1003: 1 objs, 256 bytes @uint8 (gid=20)] [session #1004: 1 objs, 256 bytes @uint8 (gid=20)]
  main.(*WorkerActor).patternSession (D:/code/go/go/会话内存/demo/main.go:395) < main.(*WorkerActor).doAllocBurst (D:/code/go/go/会话内存/demo/main.go:296) < main.(*WorkerActor).run (D:/code/go/go/会话内存/demo/main.go:245): 6 session objs, 3240 session bytes [session #1002: 2 objs, 1048 bytes @uint8 (gid=20)] [session #1003: 2 objs, 1072 bytes @uint8 (gid=20)] [session #1004: 2 objs, 1120 bytes @uint8 (gid=20)]
gcdeadsession:freed: 1 session objs (256 bytes) freed from 1 sites
  main.(*WorkerActor).patternSession (D:/code/go/go/会话内存/demo/main.go:390) < main.(*WorkerActor).doAllocBurst (D:/code/go/go/会话内存/demo/main.go:296) < main.(*WorkerActor).run (D:/code/go/go/会话内存/demo/main.go:245): 1 session objs, 256 session bytes [session #1004: 1 objs, 256 bytes @uint8 (gid=20)]
runtime: gcdeadsession: session 1005#0 started at D:/code/go/go/会话内存/demo/main.go:390
runtime: gcdeadsession: session 1005#0 ended at D:/code/go/go/会话内存/demo/main.go:401
=== GC #7 ===
gcdeadsession by session:
  session #1005: 2 allocs (1280 bytes), 0 freed (0 bytes), 2 alive (1280 bytes) [first: D:/code/go/go/会话内存/demo/main.go:390 (gid=20), end: D:/code/go/go/会话内存/demo/main.go:401]
    gid=20: 2 allocs (1280 bytes), 0 freed (0 bytes)
gcdeadsession:alive: 6 session objs (4448 bytes) still alive from 2 sites
  main.(*WorkerActor).patternSession (D:/code/go/go/会话内存/demo/main.go:390) < main.(*WorkerActor).doAllocBurst (D:/code/go/go/会话内存/demo/main.go:296) < main.(*WorkerActor).run (D:/code/go/go/会话内存/demo/main.go:245): 1 session objs, 256 session bytes [session #1005: 1 objs, 256 bytes @uint8 (gid=20)]
  main.(*WorkerActor).patternSession (D:/code/go/go/会话内存/demo/main.go:395) < main.(*WorkerActor).doAllocBurst (D:/code/go/go/会话内存/demo/main.go:296) < main.(*WorkerActor).run (D:/code/go/go/会话内存/demo/main.go:245): 5 session objs, 4192 session bytes [session #1002: 1 objs, 1024 bytes @uint8 (gid=20)] [session #1003: 1 objs, 1024 bytes @uint8 (gid=20)] [session #1004: 2 objs, 1120 bytes @uint8 (gid=20)] [session #1005: 1 objs, 1024 bytes @uint8 (gid=20)]
gcdeadsession:alloc: 11 session objs (5288 bytes) from 2 sites
  main.(*WorkerActor).patternSession (D:/code/go/go/会话内存/demo/main.go:390) < main.(*WorkerActor).doAllocBurst (D:/code/go/go/会话内存/demo/main.go:296) < main.(*WorkerActor).run (D:/code/go/go/会话内存/demo/main.go:245): 4 session objs, 1024 session bytes [session #1002: 1 objs, 256 bytes @uint8 (gid=20)] [session #1003: 1 objs, 256 bytes @uint8 (gid=20)] [session #1004: 1 objs, 256 bytes @uint8 (gid=20)] [session #1005: 1 objs, 256 bytes @uint8 (gid=20)]
  main.(*WorkerActor).patternSession (D:/code/go/go/会话内存/demo/main.go:395) < main.(*WorkerActor).doAllocBurst (D:/code/go/go/会话内存/demo/main.go:296) < main.(*WorkerActor).run (D:/code/go/go/会话内存/demo/main.go:245): 7 session objs, 4264 session bytes [session #1002: 2 objs, 1048 bytes @uint8 (gid=20)] [session #1003: 2 objs, 1072 bytes @uint8 (gid=20)] [session #1004: 2 objs, 1120 bytes @uint8 (gid=20)] [session #1005: 1 objs, 1024 bytes @uint8 (gid=20)]
=== GC #8 ===
gcdeadsession by session:
  session #1005: 0 allocs (0 bytes), 1 freed (256 bytes), 1 alive (1024 bytes) [first: D:/code/go/go/会话内存/demo/main.go:390 (gid=20), end: D:/code/go/go/会话内存/demo/main.go:401]
    gid=20: 0 allocs (0 bytes), 1 freed (256 bytes)
gcdeadsession:alive: 5 session objs (4192 bytes) still alive from 1 sites
  main.(*WorkerActor).patternSession (D:/code/go/go/会话内存/demo/main.go:395) < main.(*WorkerActor).doAllocBurst (D:/code/go/go/会话内存/demo/main.go:296) < main.(*WorkerActor).run (D:/code/go/go/会话内存/demo/main.go:245): 5 session objs, 4192 session bytes [session #1002: 1 objs, 1024 bytes @uint8 (gid=20)] [session #1003: 1 objs, 1024 bytes @uint8 (gid=20)] [session #1004: 2 objs, 1120 bytes @uint8 (gid=20)] [session #1005: 1 objs, 1024 bytes @uint8 (gid=20)]
gcdeadsession:alloc: 11 session objs (5288 bytes) from 2 sites
  main.(*WorkerActor).patternSession (D:/code/go/go/会话内存/demo/main.go:390) < main.(*WorkerActor).doAllocBurst (D:/code/go/go/会话内存/demo/main.go:296) < main.(*WorkerActor).run (D:/code/go/go/会话内存/demo/main.go:245): 4 session objs, 1024 session bytes [session #1002: 1 objs, 256 bytes @uint8 (gid=20)] [session #1003: 1 objs, 256 bytes @uint8 (gid=20)] [session #1004: 1 objs, 256 bytes @uint8 (gid=20)] [session #1005: 1 objs, 256 bytes @uint8 (gid=20)]
  main.(*WorkerActor).patternSession (D:/code/go/go/会话内存/demo/main.go:395) < main.(*WorkerActor).doAllocBurst (D:/code/go/go/会话内存/demo/main.go:296) < main.(*WorkerActor).run (D:/code/go/go/会话内存/demo/main.go:245): 7 session objs, 4264 session bytes [session #1002: 2 objs, 1048 bytes @uint8 (gid=20)] [session #1003: 2 objs, 1072 bytes @uint8 (gid=20)] [session #1004: 2 objs, 1120 bytes @uint8 (gid=20)] [session #1005: 1 objs, 1024 bytes @uint8 (gid=20)]
gcdeadsession:freed: 1 session objs (256 bytes) freed from 1 sites
  main.(*WorkerActor).patternSession (D:/code/go/go/会话内存/demo/main.go:390) < main.(*WorkerActor).doAllocBurst (D:/code/go/go/会话内存/demo/main.go:296) < main.(*WorkerActor).run (D:/code/go/go/会话内存/demo/main.go:245): 1 session objs, 256 session bytes [session #1005: 1 objs, 256 bytes @uint8 (gid=20)]
runtime: gcdeadsession: session 1006#0 started at D:/code/go/go/会话内存/demo/main.go:390
runtime: gcdeadsession: session 1006#0 ended at D:/code/go/go/会话内存/demo/main.go:401
=== GC #9 ===
gcdeadsession by session:
  session #1004: 0 allocs (0 bytes), 1 freed (96 bytes), 1 alive (1024 bytes) [first: D:/code/go/go/会话内存/demo/main.go:390 (gid=20), end: D:/code/go/go/会话内存/demo/main.go:401]
    gid=20: 0 allocs (0 bytes), 1 freed (96 bytes)
  session #1006: 3 allocs (1472 bytes), 0 freed (0 bytes), 3 alive (1472 bytes) [first: D:/code/go/go/会话内存/demo/main.go:390 (gid=20), end: D:/code/go/go/会话内存/demo/main.go:401]
    gid=20: 3 allocs (1472 bytes), 0 freed (0 bytes)
gcdeadsession:alive: 7 session objs (5568 bytes) still alive from 2 sites
  main.(*WorkerActor).patternSession (D:/code/go/go/会话内存/demo/main.go:395) < main.(*WorkerActor).doAllocBurst (D:/code/go/go/会话内存/demo/main.go:296) < main.(*WorkerActor).run (D:/code/go/go/会话内存/demo/main.go:245): 6 session objs, 5312 session bytes [session #1006: 2 objs, 1216 bytes @[]uint8 (gid=20)] [session #1002: 1 objs, 1024 bytes @uint8 (gid=20)] [session #1003: 1 objs, 1024 bytes @uint8 (gid=20)] [session #1004: 1 objs, 1024 bytes @uint8 (gid=20)] [session #1005: 1 objs, 1024 bytes @uint8 (gid=20)]
  main.(*WorkerActor).patternSession (D:/code/go/go/会话内存/demo/main.go:390) < main.(*WorkerActor).doAllocBurst (D:/code/go/go/会话内存/demo/main.go:296) < main.(*WorkerActor).run (D:/code/go/go/会话内存/demo/main.go:245): 1 session objs, 256 session bytes [session #1006: 1 objs, 256 bytes @uint8 (gid=20)]
gcdeadsession:alloc: 14 session objs (6760 bytes) from 2 sites
  main.(*WorkerActor).patternSession (D:/code/go/go/会话内存/demo/main.go:395) < main.(*WorkerActor).doAllocBurst (D:/code/go/go/会话内存/demo/main.go:296) < main.(*WorkerActor).run (D:/code/go/go/会话内存/demo/main.go:245): 9 session objs, 5480 session bytes [session #1002: 2 objs, 1048 bytes @[]uint8 (gid=20)] [session #1003: 2 objs, 1072 bytes @[]uint8 (gid=20)] [session #1004: 2 objs, 1120 bytes @[]uint8 (gid=20)] [session #1006: 2 objs, 1216 bytes @[]uint8 (gid=20)] [session #1005: 1 objs, 1024 bytes @uint8 (gid=20)]
  main.(*WorkerActor).patternSession (D:/code/go/go/会话内存/demo/main.go:390) < main.(*WorkerActor).doAllocBurst (D:/code/go/go/会话内存/demo/main.go:296) < main.(*WorkerActor).run (D:/code/go/go/会话内存/demo/main.go:245): 5 session objs, 1280 session bytes [session #1002: 1 objs, 256 bytes @uint8 (gid=20)] [session #1003: 1 objs, 256 bytes @uint8 (gid=20)] [session #1004: 1 objs, 256 bytes @uint8 (gid=20)] [session #1005: 1 objs, 256 bytes @uint8 (gid=20)] [session #1006: 1 objs, 256 bytes @uint8 (gid=20)]
gcdeadsession:freed: 1 session objs (96 bytes) freed from 1 sites
  main.(*WorkerActor).patternSession (D:/code/go/go/会话内存/demo/main.go:395) < main.(*WorkerActor).doAllocBurst (D:/code/go/go/会话内存/demo/main.go:296) < main.(*WorkerActor).run (D:/code/go/go/会话内存/demo/main.go:245): 1 session objs, 96 session bytes [session #1004: 1 objs, 96 bytes @[]uint8 (gid=20)]
=== GC #10 ===
gcdeadsession by session:
  session #1006: 0 allocs (0 bytes), 1 freed (256 bytes), 2 alive (1216 bytes) [first: D:/code/go/go/会话内存/demo/main.go:390 (gid=20), end: D:/code/go/go/会话内存/demo/main.go:401]
    gid=20: 0 allocs (0 bytes), 1 freed (256 bytes)
gcdeadsession:alive: 6 session objs (5312 bytes) still alive from 1 sites
  main.(*WorkerActor).patternSession (D:/code/go/go/会话内存/demo/main.go:395) < main.(*WorkerActor).doAllocBurst (D:/code/go/go/会话内存/demo/main.go:296) < main.(*WorkerActor).run (D:/code/go/go/会话内存/demo/main.go:245): 6 session objs, 5312 session bytes [session #1002: 1 objs, 1024 bytes @uint8 (gid=20)] [session #1003: 1 objs, 1024 bytes @uint8 (gid=20)] [session #1004: 1 objs, 1024 bytes @uint8 (gid=20)] [session #1005: 1 objs, 1024 bytes @uint8 (gid=20)] [session #1006: 2 objs, 1216 bytes @uint8 (gid=20)]
gcdeadsession:alloc: 14 session objs (6760 bytes) from 2 sites
  main.(*WorkerActor).patternSession (D:/code/go/go/会话内存/demo/main.go:390) < main.(*WorkerActor).doAllocBurst (D:/code/go/go/会话内存/demo/main.go:296) < main.(*WorkerActor).run (D:/code/go/go/会话内存/demo/main.go:245): 5 session objs, 1280 session bytes [session #1002: 1 objs, 256 bytes @uint8 (gid=20)] [session #1003: 1 objs, 256 bytes @uint8 (gid=20)] [session #1004: 1 objs, 256 bytes @uint8 (gid=20)] [session #1005: 1 objs, 256 bytes @uint8 (gid=20)] [session #1006: 1 objs, 256 bytes @uint8 (gid=20)]
  main.(*WorkerActor).patternSession (D:/code/go/go/会话内存/demo/main.go:395) < main.(*WorkerActor).doAllocBurst (D:/code/go/go/会话内存/demo/main.go:296) < main.(*WorkerActor).run (D:/code/go/go/会话内存/demo/main.go:245): 9 session objs, 5480 session bytes [session #1002: 2 objs, 1048 bytes @uint8 (gid=20)] [session #1003: 2 objs, 1072 bytes @uint8 (gid=20)] [session #1004: 2 objs, 1120 bytes @uint8 (gid=20)] [session #1005: 1 objs, 1024 bytes @uint8 (gid=20)] [session #1006: 2 objs, 1216 bytes @uint8 (gid=20)]
gcdeadsession:freed: 1 session objs (256 bytes) freed from 1 sites
  main.(*WorkerActor).patternSession (D:/code/go/go/会话内存/demo/main.go:390) < main.(*WorkerActor).doAllocBurst (D:/code/go/go/会话内存/demo/main.go:296) < main.(*WorkerActor).run (D:/code/go/go/会话内存/demo/main.go:245): 1 session objs, 256 session bytes [session #1006: 1 objs, 256 bytes @uint8 (gid=20)]
runtime: gcdeadsession: session 1007#0 started at D:/code/go/go/会话内存/demo/main.go:390
runtime: gcdeadsession: session 1007#0 ended at D:/code/go/go/会话内存/demo/main.go:401
2026/07/28 10:47:52 run duration reached (3s), shutting down...
2026/07/28 10:47:52 [system] stopping all actors...
=== GC #11 ===
gcdeadsession by session:
  session #1007: 2 allocs (1280 bytes), 0 freed (0 bytes), 2 alive (1280 bytes) [first: D:/code/go/go/会话内存/demo/main.go:390 (gid=20), end: D:/code/go/go/会话内存/demo/main.go:401]
    gid=20: 2 allocs (1280 bytes), 0 freed (0 bytes)
gcdeadsession:alive: 8 session objs (6592 bytes) still alive from 2 sites
  main.(*WorkerActor).patternSession (D:/code/go/go/会话内存/demo/main.go:390) < main.(*WorkerActor).doAllocBurst (D:/code/go/go/会话内存/demo/main.go:296) < main.(*WorkerActor).run (D:/code/go/go/会话内存/demo/main.go:245): 1 session objs, 256 session bytes [session #1007: 1 objs, 256 bytes @uint8 (gid=20)]
  main.(*WorkerActor).patternSession (D:/code/go/go/会话内存/demo/main.go:395) < main.(*WorkerActor).doAllocBurst (D:/code/go/go/会话内存/demo/main.go:296) < main.(*WorkerActor).run (D:/code/go/go/会话内存/demo/main.go:245): 7 session objs, 6336 session bytes [session #1002: 1 objs, 1024 bytes @uint8 (gid=20)] [session #1003: 1 objs, 1024 bytes @uint8 (gid=20)] [session #1004: 1 objs, 1024 bytes @uint8 (gid=20)] [session #1005: 1 objs, 1024 bytes @uint8 (gid=20)] [session #1006: 2 objs, 1216 bytes @uint8 (gid=20)] [session #1007: 1 objs, 1024 bytes @uint8 (gid=20)]
gcdeadsession:alloc: 16 session objs (8040 bytes) from 2 sites
  main.(*WorkerActor).patternSession (D:/code/go/go/会话内存/demo/main.go:390) < main.(*WorkerActor).doAllocBurst (D:/code/go/go/会话内存/demo/main.go:296) < main.(*WorkerActor).run (D:/code/go/go/会话内存/demo/main.go:245): 6 session objs, 1536 session bytes [session #1002: 1 objs, 256 bytes @uint8 (gid=20)] [session #1003: 1 objs, 256 bytes @uint8 (gid=20)] [session #1004: 1 objs, 256 bytes @uint8 (gid=20)] [session #1005: 1 objs, 256 bytes @uint8 (gid=20)] [session #1006: 1 objs, 256 bytes @uint8 (gid=20)] [session #1007: 1 objs, 256 bytes @uint8 (gid=20)]
  main.(*WorkerActor).patternSession (D:/code/go/go/会话内存/demo/main.go:395) < main.(*WorkerActor).doAllocBurst (D:/code/go/go/会话内存/demo/main.go:296) < main.(*WorkerActor).run (D:/code/go/go/会话内存/demo/main.go:245): 10 session objs, 6504 session bytes [session #1002: 2 objs, 1048 bytes @uint8 (gid=20)] [session #1003: 2 objs, 1072 bytes @uint8 (gid=20)] [session #1004: 2 objs, 1120 bytes @uint8 (gid=20)] [session #1005: 1 objs, 1024 bytes @uint8 (gid=20)] [session #1006: 2 objs, 1216 bytes @uint8 (gid=20)] [session #1007: 1 objs, 1024 bytes @uint8 (gid=20)]
=== GC #12 ===
gcdeadsession by session:
  session #1007: 0 allocs (0 bytes), 1 freed (256 bytes), 1 alive (1024 bytes) [first: D:/code/go/go/会话内存/demo/main.go:390 (gid=20), end: D:/code/go/go/会话内存/demo/main.go:401]
    gid=20: 0 allocs (0 bytes), 1 freed (256 bytes)
gcdeadsession:alive: 7 session objs (6336 bytes) still alive from 1 sites
  main.(*WorkerActor).patternSession (D:/code/go/go/会话内存/demo/main.go:395) < main.(*WorkerActor).doAllocBurst (D:/code/go/go/会话内存/demo/main.go:296) < main.(*WorkerActor).run (D:/code/go/go/会话内存/demo/main.go:245): 7 session objs, 6336 session bytes [session #1002: 1 objs, 1024 bytes @uint8 (gid=20)] [session #1003: 1 objs, 1024 bytes @uint8 (gid=20)] [session #1004: 1 objs, 1024 bytes @uint8 (gid=20)] [session #1005: 1 objs, 1024 bytes @uint8 (gid=20)] [session #1006: 2 objs, 1216 bytes @uint8 (gid=20)] [session #1007: 1 objs, 1024 bytes @uint8 (gid=20)]
gcdeadsession:alloc: 16 session objs (8040 bytes) from 2 sites
  main.(*WorkerActor).patternSession (D:/code/go/go/会话内存/demo/main.go:390) < main.(*WorkerActor).doAllocBurst (D:/code/go/go/会话内存/demo/main.go:296) < main.(*WorkerActor).run (D:/code/go/go/会话内存/demo/main.go:245): 6 session objs, 1536 session bytes [session #1002: 1 objs, 256 bytes @uint8 (gid=20)] [session #1003: 1 objs, 256 bytes @uint8 (gid=20)] [session #1004: 1 objs, 256 bytes @uint8 (gid=20)] [session #1005: 1 objs, 256 bytes @uint8 (gid=20)] [session #1006: 1 objs, 256 bytes @uint8 (gid=20)] [session #1007: 1 objs, 256 bytes @uint8 (gid=20)]
  main.(*WorkerActor).patternSession (D:/code/go/go/会话内存/demo/main.go:395) < main.(*WorkerActor).doAllocBurst (D:/code/go/go/会话内存/demo/main.go:296) < main.(*WorkerActor).run (D:/code/go/go/会话内存/demo/main.go:245): 10 session objs, 6504 session bytes [session #1002: 2 objs, 1048 bytes @uint8 (gid=20)] [session #1003: 2 objs, 1072 bytes @uint8 (gid=20)] [session #1004: 2 objs, 1120 bytes @uint8 (gid=20)] [session #1005: 1 objs, 1024 bytes @uint8 (gid=20)] [session #1006: 2 objs, 1216 bytes @uint8 (gid=20)] [session #1007: 1 objs, 1024 bytes @uint8 (gid=20)]
gcdeadsession:freed: 1 session objs (256 bytes) freed from 1 sites
  main.(*WorkerActor).patternSession (D:/code/go/go/会话内存/demo/main.go:390) < main.(*WorkerActor).doAllocBurst (D:/code/go/go/会话内存/demo/main.go:296) < main.(*WorkerActor).run (D:/code/go/go/会话内存/demo/main.go:245): 1 session objs, 256 session bytes [session #1007: 1 objs, 256 bytes @uint8 (gid=20)]
2026/07/28 10:47:52 [worker-session] stopping
2026/07/28 10:47:52 [system] all actors stopped
